No composer.lock file present. Updating dependencies to latest instead of installing from lock file. See https://getcomposer.org/install for more information.
Loading composer repositories with package information
Updating dependencies
Lock file operations: 133 installs, 0 updates, 0 removals
  - Locking brianium/paratest (v7.8.5)
  - Locking brick/math (0.14.8)
  - Locking captainhook/captainhook (5.29.2)
  - Locking captainhook/plugin-composer (5.3.3)
  - Locking captainhook/secrets (0.9.7)
  - Locking carbonphp/carbon-doctrine-types (3.2.0)
  - Locking deptrac/deptrac (2.0.7)
  - Locking dflydev/dot-access-data (v3.0.3)
  - Locking doctrine/deprecations (1.1.6)
  - Locking doctrine/inflector (2.1.0)
  - Locking doctrine/lexer (3.0.1)
  - Locking dragonmantank/cron-expression (v3.6.0)
  - Locking egulias/email-validator (4.0.4)
  - Locking fidry/cpu-core-counter (1.3.0)
  - Locking filp/whoops (2.18.4)
  - Locking fruitcake/php-cors (v1.4.0)
  - Locking graham-campbell/result-type (v1.1.4)
  - Locking guzzlehttp/guzzle (7.10.0)
  - Locking guzzlehttp/promises (2.3.0)
  - Locking guzzlehttp/psr7 (2.9.0)
  - Locking guzzlehttp/uri-template (v1.0.5)
  - Locking hamcrest/hamcrest-php (v2.1.1)
  - Locking iamcal/sql-parser (v0.7)
  - Locking jean85/pretty-package-versions (2.1.1)
  - Locking laravel/framework (v11.51.0)
  - Locking laravel/pint (v1.29.1)
  - Locking laravel/prompts (v0.3.17)
  - Locking laravel/sanctum (v4.3.2)
  - Locking laravel/serializable-closure (v2.0.13)
  - Locking league/commonmark (2.8.2)
  - Locking league/config (v1.2.0)
  - Locking league/flysystem (3.33.0)
  - Locking league/flysystem-local (3.31.0)
  - Locking league/mime-type-detection (1.16.0)
  - Locking league/uri (7.8.1)
  - Locking league/uri-interfaces (7.8.1)
  - Locking mockery/mockery (1.6.12)
  - Locking monolog/monolog (3.10.0)
  - Locking myclabs/deep-copy (1.13.4)
  - Locking nesbot/carbon (3.11.4)
  - Locking nette/schema (v1.3.5)
  - Locking nette/utils (v4.1.4)
  - Locking nikic/php-parser (v5.7.0)
  - Locking nunomaduro/collision (v8.9.4)
  - Locking nunomaduro/larastan (v3.9.6)
  - Locking nunomaduro/termwind (v2.4.0)
  - Locking ondram/ci-detector (4.2.0)
  - Locking pestphp/pest (v3.8.6)
  - Locking pestphp/pest-plugin (v3.0.0)
  - Locking pestphp/pest-plugin-arch (v3.1.1)
  - Locking pestphp/pest-plugin-laravel (v3.2.0)
  - Locking pestphp/pest-plugin-mutate (v3.0.5)
  - Locking phar-io/manifest (2.0.4)
  - Locking phar-io/version (3.2.1)
  - Locking phparkitect/phparkitect (1.0.0)
  - Locking phpdocumentor/reflection-common (2.2.0)
  - Locking phpdocumentor/reflection-docblock (6.0.3)
  - Locking phpdocumentor/type-resolver (2.0.0)
  - Locking phpoption/phpoption (1.9.5)
  - Locking phpstan/phpdoc-parser (2.3.2)
  - Locking phpstan/phpstan (2.1.54)
  - Locking phpunit/php-code-coverage (11.0.12)
  - Locking phpunit/php-file-iterator (5.1.1)
  - Locking phpunit/php-invoker (5.0.1)
  - Locking phpunit/php-text-template (4.0.1)
  - Locking phpunit/php-timer (7.0.1)
  - Locking phpunit/phpunit (11.5.50)
  - Locking psr/clock (1.0.0)
  - Locking psr/container (2.0.2)
  - Locking psr/event-dispatcher (1.0.0)
  - Locking psr/http-client (1.0.3)
  - Locking psr/http-factory (1.1.0)
  - Locking psr/http-message (2.0)
  - Locking psr/log (3.0.2)
  - Locking psr/simple-cache (3.0.0)
  - Locking ralouphie/getallheaders (3.0.3)
  - Locking ramsey/collection (2.1.1)
  - Locking ramsey/uuid (4.9.2)
  - Locking sebastian/cli-parser (3.0.2)
  - Locking sebastian/code-unit (3.0.3)
  - Locking sebastian/code-unit-reverse-lookup (4.0.1)
  - Locking sebastian/comparator (6.3.3)
  - Locking sebastian/complexity (4.0.1)
  - Locking sebastian/diff (6.0.2)
  - Locking sebastian/environment (7.2.1)
  - Locking sebastian/exporter (6.3.2)
  - Locking sebastian/global-state (7.0.2)
  - Locking sebastian/lines-of-code (3.0.1)
  - Locking sebastian/object-enumerator (6.0.1)
  - Locking sebastian/object-reflector (4.0.1)
  - Locking sebastian/recursion-context (6.0.3)
  - Locking sebastian/type (5.1.3)
  - Locking sebastian/version (5.0.2)
  - Locking sebastianfeldmann/camino (0.9.5)
  - Locking sebastianfeldmann/cli (3.4.2)
  - Locking sebastianfeldmann/git (3.16.0)
  - Locking staabm/side-effects-detector (1.0.5)
  - Locking symfony/clock (v8.0.8)
  - Locking symfony/console (v7.4.9)
  - Locking symfony/css-selector (v8.0.9)
  - Locking symfony/deprecation-contracts (v3.7.0)
  - Locking symfony/error-handler (v7.4.8)
  - Locking symfony/event-dispatcher (v8.0.9)
  - Locking symfony/event-dispatcher-contracts (v3.7.0)
  - Locking symfony/filesystem (v8.0.9)
  - Locking symfony/finder (v7.4.8)
  - Locking symfony/http-foundation (v7.4.8)
  - Locking symfony/http-kernel (v7.4.10)
  - Locking symfony/mailer (v7.4.8)
  - Locking symfony/mime (v7.4.9)
  - Locking symfony/polyfill-ctype (v1.37.0)
  - Locking symfony/polyfill-intl-grapheme (v1.37.0)
  - Locking symfony/polyfill-intl-idn (v1.37.0)
  - Locking symfony/polyfill-intl-normalizer (v1.37.0)
  - Locking symfony/polyfill-mbstring (v1.37.0)
  - Locking symfony/polyfill-php80 (v1.37.0)
  - Locking symfony/polyfill-php83 (v1.37.0)
  - Locking symfony/polyfill-php85 (v1.37.0)
  - Locking symfony/polyfill-uuid (v1.37.0)
  - Locking symfony/process (v7.4.8)
  - Locking symfony/routing (v7.4.9)
  - Locking symfony/service-contracts (v3.7.0)
  - Locking symfony/string (v8.0.8)
  - Locking symfony/translation (v8.0.10)
  - Locking symfony/translation-contracts (v3.7.0)
  - Locking symfony/uid (v7.4.9)
  - Locking symfony/var-dumper (v7.4.8)
  - Locking ta-tikoma/phpunit-architecture-test (0.8.7)
  - Locking theseer/tokenizer (1.3.1)
  - Locking tijsverkoyen/css-to-inline-styles (v2.4.0)
  - Locking vlucas/phpdotenv (v5.6.3)
  - Locking voku/portable-ascii (2.1.1)
  - Locking webmozart/assert (2.3.0)
Writing lock file
Installing dependencies from lock file (including require-dev)
Package operations: 133 installs, 0 updates, 0 removals
  - Downloading pestphp/pest-plugin (v3.0.0)
  - Downloading symfony/process (v7.4.8)
  - Downloading symfony/polyfill-mbstring (v1.37.0)
  - Downloading symfony/polyfill-intl-normalizer (v1.37.0)
  - Downloading symfony/polyfill-intl-grapheme (v1.37.0)
  - Downloading symfony/polyfill-ctype (v1.37.0)
  - Downloading symfony/string (v8.0.8)
  - Downloading symfony/deprecation-contracts (v3.7.0)
  - Downloading psr/container (2.0.2)
  - Downloading symfony/service-contracts (v3.7.0)
  - Downloading symfony/console (v7.4.9)
  - Downloading symfony/filesystem (v8.0.9)
  - Downloading sebastianfeldmann/cli (3.4.2)
  - Downloading sebastianfeldmann/git (3.16.0)
  - Downloading sebastianfeldmann/camino (0.9.5)
  - Downloading captainhook/secrets (0.9.7)
  - Downloading captainhook/captainhook (5.29.2)
  - Downloading captainhook/plugin-composer (5.3.3)
  - Downloading sebastian/environment (7.2.1)
  - Downloading staabm/side-effects-detector (1.0.5)
  - Downloading sebastian/version (5.0.2)
  - Downloading sebastian/type (5.1.3)
  - Downloading sebastian/recursion-context (6.0.3)
  - Downloading sebastian/object-reflector (4.0.1)
  - Downloading sebastian/object-enumerator (6.0.1)
  - Downloading sebastian/global-state (7.0.2)
  - Downloading sebastian/exporter (6.3.2)
  - Downloading sebastian/diff (6.0.2)
  - Downloading sebastian/comparator (6.3.3)
  - Downloading sebastian/code-unit (3.0.3)
  - Downloading sebastian/cli-parser (3.0.2)
  - Downloading phpunit/php-timer (7.0.1)
  - Downloading phpunit/php-text-template (4.0.1)
  - Downloading phpunit/php-invoker (5.0.1)
  - Downloading phpunit/php-file-iterator (5.1.1)
  - Downloading theseer/tokenizer (1.3.1)
  - Downloading nikic/php-parser (v5.7.0)
  - Downloading sebastian/lines-of-code (3.0.1)
  - Downloading sebastian/complexity (4.0.1)
  - Downloading sebastian/code-unit-reverse-lookup (4.0.1)
  - Downloading phpunit/php-code-coverage (11.0.12)
  - Downloading phar-io/version (3.2.1)
  - Downloading phar-io/manifest (2.0.4)
  - Downloading myclabs/deep-copy (1.13.4)
  - Downloading phpunit/phpunit (11.5.50)
  - Downloading jean85/pretty-package-versions (2.1.1)
  - Downloading fidry/cpu-core-counter (1.3.0)
  - Downloading brianium/paratest (v7.8.5)
  - Downloading deptrac/deptrac (2.0.7)
  - Downloading doctrine/inflector (2.1.0)
  - Downloading doctrine/lexer (3.0.1)
  - Downloading dragonmantank/cron-expression (v3.6.0)
  - Downloading symfony/http-foundation (v7.4.8)
  - Downloading fruitcake/php-cors (v1.4.0)
  - Downloading psr/http-message (2.0)
  - Downloading psr/http-client (1.0.3)
  - Downloading ralouphie/getallheaders (3.0.3)
  - Downloading psr/http-factory (1.1.0)
  - Downloading guzzlehttp/psr7 (2.9.0)
  - Downloading guzzlehttp/promises (2.3.0)
  - Downloading guzzlehttp/guzzle (7.10.0)
  - Downloading symfony/polyfill-php80 (v1.37.0)
  - Downloading guzzlehttp/uri-template (v1.0.5)
  - Downloading laravel/pint (v1.29.1)
  - Downloading laravel/prompts (v0.3.17)
  - Downloading voku/portable-ascii (2.1.1)
  - Downloading phpoption/phpoption (1.9.5)
  - Downloading graham-campbell/result-type (v1.1.4)
  - Downloading vlucas/phpdotenv (v5.6.3)
  - Downloading symfony/css-selector (v8.0.9)
  - Downloading tijsverkoyen/css-to-inline-styles (v2.4.0)
  - Downloading symfony/var-dumper (v7.4.8)
  - Downloading symfony/polyfill-uuid (v1.37.0)
  - Downloading symfony/uid (v7.4.9)
  - Downloading symfony/routing (v7.4.9)
  - Downloading symfony/polyfill-php83 (v1.37.0)
  - Downloading symfony/polyfill-intl-idn (v1.37.0)
  - Downloading symfony/mime (v7.4.9)
  - Downloading psr/event-dispatcher (1.0.0)
  - Downloading symfony/event-dispatcher-contracts (v3.7.0)
  - Downloading symfony/event-dispatcher (v8.0.9)
  - Downloading psr/log (3.0.2)
  - Downloading egulias/email-validator (4.0.4)
  - Downloading symfony/mailer (v7.4.8)
  - Downloading symfony/polyfill-php85 (v1.37.0)
  - Downloading symfony/error-handler (v7.4.8)
  - Downloading symfony/http-kernel (v7.4.10)
  - Downloading symfony/finder (v7.4.8)
  - Downloading ramsey/collection (2.1.1)
  - Downloading brick/math (0.14.8)
  - Downloading ramsey/uuid (4.9.2)
  - Downloading psr/simple-cache (3.0.0)
  - Downloading nunomaduro/termwind (v2.4.0)
  - Downloading symfony/translation-contracts (v3.7.0)
  - Downloading symfony/translation (v8.0.10)
  - Downloading psr/clock (1.0.0)
  - Downloading symfony/clock (v8.0.8)
  - Downloading carbonphp/carbon-doctrine-types (3.2.0)
  - Downloading nesbot/carbon (3.11.4)
  - Downloading monolog/monolog (3.10.0)
  - Downloading league/uri-interfaces (7.8.1)
  - Downloading league/uri (7.8.1)
  - Downloading league/mime-type-detection (1.16.0)
  - Downloading league/flysystem-local (3.31.0)
  - Downloading league/flysystem (3.33.0)
  - Downloading nette/utils (v4.1.4)
  - Downloading nette/schema (v1.3.5)
  - Downloading dflydev/dot-access-data (v3.0.3)
  - Downloading league/config (v1.2.0)
  - Downloading league/commonmark (2.8.2)
  - Downloading laravel/serializable-closure (v2.0.13)
  - Downloading laravel/framework (v11.51.0)
  - Downloading laravel/sanctum (v4.3.2)
  - Downloading hamcrest/hamcrest-php (v2.1.1)
  - Downloading mockery/mockery (1.6.12)
  - Downloading filp/whoops (2.18.4)
  - Downloading nunomaduro/collision (v8.9.4)
  - Downloading phpstan/phpstan (2.1.54)
  - Downloading iamcal/sql-parser (v0.7)
  - Downloading nunomaduro/larastan (v3.9.6)
  - Downloading webmozart/assert (2.3.0)
  - Downloading phpstan/phpdoc-parser (2.3.2)
  - Downloading phpdocumentor/reflection-common (2.2.0)
  - Downloading doctrine/deprecations (1.1.6)
  - Downloading phpdocumentor/type-resolver (2.0.0)
  - Downloading phpdocumentor/reflection-docblock (6.0.3)
  - Downloading ta-tikoma/phpunit-architecture-test (0.8.7)
  - Downloading pestphp/pest-plugin-arch (v3.1.1)
  - Downloading pestphp/pest-plugin-mutate (v3.0.5)
  - Downloading pestphp/pest (v3.8.6)
  - Downloading pestphp/pest-plugin-laravel (v3.2.0)
  - Downloading ondram/ci-detector (4.2.0)
  - Downloading phparkitect/phparkitect (1.0.0)
   0/133 [>---------------------------]   0%
   1/133 [>---------------------------]   0%
  19/133 [====>-----------------------]  14%
  27/133 [=====>----------------------]  20%
  40/133 [========>-------------------]  30%
  54/133 [===========>----------------]  40%
  74/133 [===============>------------]  55%
  86/133 [==================>---------]  64%
  98/133 [====================>-------]  73%
 110/133 [=======================>----]  82%
 123/133 [=========================>--]  92%
 133/133 [============================] 100%
  - Installing pestphp/pest-plugin (v3.0.0): Extracting archive
  - Installing symfony/process (v7.4.8): Extracting archive
  - Installing symfony/polyfill-mbstring (v1.37.0): Extracting archive
  - Installing symfony/polyfill-intl-normalizer (v1.37.0): Extracting archive
  - Installing symfony/polyfill-intl-grapheme (v1.37.0): Extracting archive
  - Installing symfony/polyfill-ctype (v1.37.0): Extracting archive
  - Installing symfony/string (v8.0.8): Extracting archive
  - Installing symfony/deprecation-contracts (v3.7.0): Extracting archive
  - Installing psr/container (2.0.2): Extracting archive
  - Installing symfony/service-contracts (v3.7.0): Extracting archive
  - Installing symfony/console (v7.4.9): Extracting archive
  - Installing symfony/filesystem (v8.0.9): Extracting archive
  - Installing sebastianfeldmann/cli (3.4.2): Extracting archive
  - Installing sebastianfeldmann/git (3.16.0): Extracting archive
  - Installing sebastianfeldmann/camino (0.9.5): Extracting archive
  - Installing captainhook/secrets (0.9.7): Extracting archive
  - Installing captainhook/captainhook (5.29.2): Extracting archive
  0/16 [>---------------------------]   0%
  9/16 [===============>------------]  56%
 15/16 [==========================>-]  93%
 16/16 [============================] 100%
  - Installing captainhook/plugin-composer (5.3.3): Extracting archive
  - Installing sebastian/environment (7.2.1): Extracting archive
  - Installing staabm/side-effects-detector (1.0.5): Extracting archive
  - Installing sebastian/version (5.0.2): Extracting archive
  - Installing sebastian/type (5.1.3): Extracting archive
  - Installing sebastian/recursion-context (6.0.3): Extracting archive
  - Installing sebastian/object-reflector (4.0.1): Extracting archive
  - Installing sebastian/object-enumerator (6.0.1): Extracting archive
  - Installing sebastian/global-state (7.0.2): Extracting archive
  - Installing sebastian/exporter (6.3.2): Extracting archive
  - Installing sebastian/diff (6.0.2): Extracting archive
  - Installing sebastian/comparator (6.3.3): Extracting archive
  - Installing sebastian/code-unit (3.0.3): Extracting archive
  - Installing sebastian/cli-parser (3.0.2): Extracting archive
  - Installing phpunit/php-timer (7.0.1): Extracting archive
  - Installing phpunit/php-text-template (4.0.1): Extracting archive
  - Installing phpunit/php-invoker (5.0.1): Extracting archive
  - Installing phpunit/php-file-iterator (5.1.1): Extracting archive
  - Installing theseer/tokenizer (1.3.1): Extracting archive
  - Installing nikic/php-parser (v5.7.0): Extracting archive
  - Installing sebastian/lines-of-code (3.0.1): Extracting archive
  - Installing sebastian/complexity (4.0.1): Extracting archive
  - Installing sebastian/code-unit-reverse-lookup (4.0.1): Extracting archive
  - Installing phpunit/php-code-coverage (11.0.12): Extracting archive
  - Installing phar-io/version (3.2.1): Extracting archive
  - Installing phar-io/manifest (2.0.4): Extracting archive
  - Installing myclabs/deep-copy (1.13.4): Extracting archive
  - Installing phpunit/phpunit (11.5.50): Extracting archive
  - Installing jean85/pretty-package-versions (2.1.1): Extracting archive
  - Installing fidry/cpu-core-counter (1.3.0): Extracting archive
  - Installing brianium/paratest (v7.8.5): Extracting archive
  - Installing deptrac/deptrac (2.0.7): Extracting archive
  - Installing doctrine/inflector (2.1.0): Extracting archive
  - Installing doctrine/lexer (3.0.1): Extracting archive
  - Installing dragonmantank/cron-expression (v3.6.0): Extracting archive
  - Installing symfony/http-foundation (v7.4.8): Extracting archive
  - Installing fruitcake/php-cors (v1.4.0): Extracting archive
  - Installing psr/http-message (2.0): Extracting archive
  - Installing psr/http-client (1.0.3): Extracting archive
  - Installing ralouphie/getallheaders (3.0.3): Extracting archive
  - Installing psr/http-factory (1.1.0): Extracting archive
  - Installing guzzlehttp/psr7 (2.9.0): Extracting archive
  - Installing guzzlehttp/promises (2.3.0): Extracting archive
  - Installing guzzlehttp/guzzle (7.10.0): Extracting archive
  - Installing symfony/polyfill-php80 (v1.37.0): Extracting archive
  - Installing guzzlehttp/uri-template (v1.0.5): Extracting archive
  - Installing laravel/pint (v1.29.1): Extracting archive
  - Installing laravel/prompts (v0.3.17): Extracting archive
  - Installing voku/portable-ascii (2.1.1): Extracting archive
  - Installing phpoption/phpoption (1.9.5): Extracting archive
  - Installing graham-campbell/result-type (v1.1.4): Extracting archive
  - Installing vlucas/phpdotenv (v5.6.3): Extracting archive
  - Installing symfony/css-selector (v8.0.9): Extracting archive
  - Installing tijsverkoyen/css-to-inline-styles (v2.4.0): Extracting archive
  - Installing symfony/var-dumper (v7.4.8): Extracting archive
  - Installing symfony/polyfill-uuid (v1.37.0): Extracting archive
  - Installing symfony/uid (v7.4.9): Extracting archive
  - Installing symfony/routing (v7.4.9): Extracting archive
  - Installing symfony/polyfill-php83 (v1.37.0): Extracting archive
  - Installing symfony/polyfill-intl-idn (v1.37.0): Extracting archive
  - Installing symfony/mime (v7.4.9): Extracting archive
  - Installing psr/event-dispatcher (1.0.0): Extracting archive
  - Installing symfony/event-dispatcher-contracts (v3.7.0): Extracting archive
  - Installing symfony/event-dispatcher (v8.0.9): Extracting archive
  - Installing psr/log (3.0.2): Extracting archive
  - Installing egulias/email-validator (4.0.4): Extracting archive
  - Installing symfony/mailer (v7.4.8): Extracting archive
  - Installing symfony/polyfill-php85 (v1.37.0): Extracting archive
  - Installing symfony/error-handler (v7.4.8): Extracting archive
  - Installing symfony/http-kernel (v7.4.10): Extracting archive
  - Installing symfony/finder (v7.4.8): Extracting archive
  - Installing ramsey/collection (2.1.1): Extracting archive
  - Installing brick/math (0.14.8): Extracting archive
  - Installing ramsey/uuid (4.9.2): Extracting archive
  - Installing psr/simple-cache (3.0.0): Extracting archive
  - Installing nunomaduro/termwind (v2.4.0): Extracting archive
  - Installing symfony/translation-contracts (v3.7.0): Extracting archive
  - Installing symfony/translation (v8.0.10): Extracting archive
  - Installing psr/clock (1.0.0): Extracting archive
  - Installing symfony/clock (v8.0.8): Extracting archive
  - Installing carbonphp/carbon-doctrine-types (3.2.0): Extracting archive
  - Installing nesbot/carbon (3.11.4): Extracting archive
  - Installing monolog/monolog (3.10.0): Extracting archive
  - Installing league/uri-interfaces (7.8.1): Extracting archive
  - Installing league/uri (7.8.1): Extracting archive
  - Installing league/mime-type-detection (1.16.0): Extracting archive
  - Installing league/flysystem-local (3.31.0): Extracting archive
  - Installing league/flysystem (3.33.0): Extracting archive
  - Installing nette/utils (v4.1.4): Extracting archive
  - Installing nette/schema (v1.3.5): Extracting archive
  - Installing dflydev/dot-access-data (v3.0.3): Extracting archive
  - Installing league/config (v1.2.0): Extracting archive
  - Installing league/commonmark (2.8.2): Extracting archive
  - Installing laravel/serializable-closure (v2.0.13): Extracting archive
  - Installing laravel/framework (v11.51.0): Extracting archive
  - Installing laravel/sanctum (v4.3.2): Extracting archive
  - Installing hamcrest/hamcrest-php (v2.1.1): Extracting archive
  - Installing mockery/mockery (1.6.12): Extracting archive
  - Installing filp/whoops (2.18.4): Extracting archive
  - Installing nunomaduro/collision (v8.9.4): Extracting archive
  - Installing phpstan/phpstan (2.1.54): Extracting archive
  - Installing iamcal/sql-parser (v0.7): Extracting archive
  - Installing nunomaduro/larastan (v3.9.6): Extracting archive
  - Installing webmozart/assert (2.3.0): Extracting archive
  - Installing phpstan/phpdoc-parser (2.3.2): Extracting archive
  - Installing phpdocumentor/reflection-common (2.2.0): Extracting archive
  - Installing doctrine/deprecations (1.1.6): Extracting archive
  - Installing phpdocumentor/type-resolver (2.0.0): Extracting archive
  - Installing phpdocumentor/reflection-docblock (6.0.3): Extracting archive
  - Installing ta-tikoma/phpunit-architecture-test (0.8.7): Extracting archive
  - Installing pestphp/pest-plugin-arch (v3.1.1): Extracting archive
  - Installing pestphp/pest-plugin-mutate (v3.0.5): Extracting archive
  - Installing pestphp/pest (v3.8.6): Extracting archive
  - Installing pestphp/pest-plugin-laravel (v3.2.0): Extracting archive
  - Installing ondram/ci-detector (4.2.0): Extracting archive
  - Installing phparkitect/phparkitect (1.0.0): Extracting archive
   0/115 [>---------------------------]   0%
  17/115 [====>-----------------------]  14%
  30/115 [=======>--------------------]  26%
  38/115 [=========>------------------]  33%
  49/115 [===========>----------------]  42%
  62/115 [===============>------------]  53%
  72/115 [=================>----------]  62%
  83/115 [====================>-------]  72%
  94/115 [======================>-----]  81%
 104/115 [=========================>--]  90%
 115/115 [============================] 100%
46 package suggestions were added by new dependencies, use `composer suggest` to see details.
Package nunomaduro/larastan is abandoned, you should avoid using it. Use larastan/larastan instead.
Generating optimized autoload files
> Illuminate\Foundation\ComposerScripts::postAutoloadDump
> @php artisan package:discover --ansi

Deprecated: Constant PDO::MYSQL_ATTR_SSL_CA is deprecated since 8.5, use Pdo\Mysql::ATTR_SSL_CA instead in /Users/waltherstein/Documents/PROYECTOS/php_template/vendor/laravel/framework/config/database.php on line 61

Deprecated: Constant PDO::MYSQL_ATTR_SSL_CA is deprecated since 8.5, use Pdo\Mysql::ATTR_SSL_CA instead in /Users/waltherstein/Documents/PROYECTOS/php_template/vendor/laravel/framework/config/database.php on line 81
PHP Deprecated:  Constant PDO::MYSQL_ATTR_SSL_CA is deprecated since 8.5, use Pdo\Mysql::ATTR_SSL_CA instead in /Users/waltherstein/Documents/PROYECTOS/php_template/vendor/laravel/framework/config/database.php on line 61
PHP Deprecated:  Constant PDO::MYSQL_ATTR_SSL_CA is deprecated since 8.5, use Pdo\Mysql::ATTR_SSL_CA instead in /Users/waltherstein/Documents/PROYECTOS/php_template/vendor/laravel/framework/config/database.php on line 81

  [37;44m INFO [39;49m Discovering packages.  

  laravel/sanctum [90m.[39m[90m.[39m[90m.[39m[90m.[39m[90m.[39m[90m.[39m[90m.[39m[90m.[39m[90m.[39m[90m.[39m[90m.[39m[90m.[39m[90m.[39m[90m.[39m[90m.[39m[90m.[39m[90m.[39m[90m.[39m[90m.[39m[90m.[39m[90m.[39m[90m.[39m[90m.[39m[90m.[39m[90m.[39m[90m.[39m[90m.[39m[90m.[39m[90m.[39m[90m.[39m[90m.[39m[90m.[39m[90m.[39m[90m.[39m[90m.[39m[90m.[39m[90m.[39m[90m.[39m[90m.[39m[90m.[39m[90m.[39m[90m.[39m[90m.[39m[90m.[39m[90m.[39m[90m.[39m[90m.[39m[90m.[39m[90m.[39m[90m.[39m[90m.[39m[90m.[39m[90m.[39m[90m.[39m[90m.[39m [32;1mDONE[39;22m
  nesbot/carbon [90m.[39m[90m.[39m[90m.[39m[90m.[39m[90m.[39m[90m.[39m[90m.[39m[90m.[39m[90m.[39m[90m.[39m[90m.[39m[90m.[39m[90m.[39m[90m.[39m[90m.[39m[90m.[39m[90m.[39m[90m.[39m[90m.[39m[90m.[39m[90m.[39m[90m.[39m[90m.[39m[90m.[39m[90m.[39m[90m.[39m[90m.[39m[90m.[39m[90m.[39m[90m.[39m[90m.[39m[90m.[39m[90m.[39m[90m.[39m[90m.[39m[90m.[39m[90m.[39m[90m.[39m[90m.[39m[90m.[39m[90m.[39m[90m.[39m[90m.[39m[90m.[39m[90m.[39m[90m.[39m[90m.[39m[90m.[39m[90m.[39m[90m.[39m[90m.[39m[90m.[39m[90m.[39m[90m.[39m[90m.[39m[90m.[39m[90m.[39m [32;1mDONE[39;22m
  nunomaduro/collision [90m.[39m[90m.[39m[90m.[39m[90m.[39m[90m.[39m[90m.[39m[90m.[39m[90m.[39m[90m.[39m[90m.[39m[90m.[39m[90m.[39m[90m.[39m[90m.[39m[90m.[39m[90m.[39m[90m.[39m[90m.[39m[90m.[39m[90m.[39m[90m.[39m[90m.[39m[90m.[39m[90m.[39m[90m.[39m[90m.[39m[90m.[39m[90m.[39m[90m.[39m[90m.[39m[90m.[39m[90m.[39m[90m.[39m[90m.[39m[90m.[39m[90m.[39m[90m.[39m[90m.[39m[90m.[39m[90m.[39m[90m.[39m[90m.[39m[90m.[39m[90m.[39m[90m.[39m[90m.[39m[90m.[39m[90m.[39m[90m.[39m[90m.[39m [32;1mDONE[39;22m
  nunomaduro/termwind [90m.[39m[90m.[39m[90m.[39m[90m.[39m[90m.[39m[90m.[39m[90m.[39m[90m.[39m[90m.[39m[90m.[39m[90m.[39m[90m.[39m[90m.[39m[90m.[39m[90m.[39m[90m.[39m[90m.[39m[90m.[39m[90m.[39m[90m.[39m[90m.[39m[90m.[39m[90m.[39m[90m.[39m[90m.[39m[90m.[39m[90m.[39m[90m.[39m[90m.[39m[90m.[39m[90m.[39m[90m.[39m[90m.[39m[90m.[39m[90m.[39m[90m.[39m[90m.[39m[90m.[39m[90m.[39m[90m.[39m[90m.[39m[90m.[39m[90m.[39m[90m.[39m[90m.[39m[90m.[39m[90m.[39m[90m.[39m[90m.[39m[90m.[39m[90m.[39m [32;1mDONE[39;22m
  pestphp/pest-plugin-laravel [90m.[39m[90m.[39m[90m.[39m[90m.[39m[90m.[39m[90m.[39m[90m.[39m[90m.[39m[90m.[39m[90m.[39m[90m.[39m[90m.[39m[90m.[39m[90m.[39m[90m.[39m[90m.[39m[90m.[39m[90m.[39m[90m.[39m[90m.[39m[90m.[39m[90m.[39m[90m.[39m[90m.[39m[90m.[39m[90m.[39m[90m.[39m[90m.[39m[90m.[39m[90m.[39m[90m.[39m[90m.[39m[90m.[39m[90m.[39m[90m.[39m[90m.[39m[90m.[39m[90m.[39m[90m.[39m[90m.[39m[90m.[39m[90m.[39m[90m.[39m [32;1mDONE[39;22m

95 packages you are using are looking for funding.
Use the `composer fund` command to find out more!
CaptainHook Composer Plugin
  Using CaptainHook config: /Users/waltherstein/Documents/PROYECTOS/php_template/captainhook.json
✔ commit-msg installed
✔ pre-push installed
✔ pre-commit installed
✔ prepare-commit-msg installed
✔ post-commit installed
✔ post-merge installed
✔ post-checkout installed
✔ post-rewrite installed
