         💡  Learn more: https://phpstan.org/blog/solving-phpstan-access-to-undefined-property  
  :25    Access to an undefined property PHPUnit\Framework\TestCase::$eventPublisher.           
         🪪  property.notFound                                                                  
         💡  Learn more: https://phpstan.org/blog/solving-phpstan-access-to-undefined-property  
  :27    Access to an undefined property PHPUnit\Framework\TestCase::$handler.                  
         🪪  property.notFound                                                                  
         💡  Learn more: https://phpstan.org/blog/solving-phpstan-access-to-undefined-property  
  :45    Access to an undefined property PHPUnit\Framework\TestCase::$handler.                  
         🪪  property.notFound                                                                  
         💡  Learn more: https://phpstan.org/blog/solving-phpstan-access-to-undefined-property  
  :60    Access to an undefined property PHPUnit\Framework\TestCase::$handler.                  
         🪪  property.notFound                                                                  
         💡  Learn more: https://phpstan.org/blog/solving-phpstan-access-to-undefined-property  
  :63    Access to an undefined property PHPUnit\Framework\TestCase::$repository.               
         🪪  property.notFound                                                                  
         💡  Learn more: https://phpstan.org/blog/solving-phpstan-access-to-undefined-property  
  :71    Access to an undefined property PHPUnit\Framework\TestCase::$handler.                  
         🪪  property.notFound                                                                  
         💡  Learn more: https://phpstan.org/blog/solving-phpstan-access-to-undefined-property  
  :79    Access to an undefined property PHPUnit\Framework\TestCase::$handler.                  
         🪪  property.notFound                                                                  
         💡  Learn more: https://phpstan.org/blog/solving-phpstan-access-to-undefined-property  
  :82    Access to an undefined property PHPUnit\Framework\TestCase::$repository.               
         🪪  property.notFound                                                                  
         💡  Learn more: https://phpstan.org/blog/solving-phpstan-access-to-undefined-property  
 ------ --------------------------------------------------------------------------------------- 

 ------ --------------------------------------------------------------------------------------- 
  Line   tests/Unit/Application/Handlers/Item/DeleteItemHandlerTest.php                         
 ------ --------------------------------------------------------------------------------------- 
  :19    Access to an undefined property PHPUnit\Framework\TestCase::$repository.               
         🪪  property.notFound                                                                  
         💡  Learn more: https://phpstan.org/blog/solving-phpstan-access-to-undefined-property  
  :20    Access to an undefined property PHPUnit\Framework\TestCase::$uow.                      
         🪪  property.notFound                                                                  
         💡  Learn more: https://phpstan.org/blog/solving-phpstan-access-to-undefined-property  
  :21    Access to an undefined property PHPUnit\Framework\TestCase::$clock.                    
         🪪  property.notFound                                                                  
         💡  Learn more: https://phpstan.org/blog/solving-phpstan-access-to-undefined-property  
  :23    Access to an undefined property PHPUnit\Framework\TestCase::$eventPublisher.           
         🪪  property.notFound                                                                  
         💡  Learn more: https://phpstan.org/blog/solving-phpstan-access-to-undefined-property  
  :25    Access to an undefined property PHPUnit\Framework\TestCase::$createHandler.            
         🪪  property.notFound                                                                  
         💡  Learn more: https://phpstan.org/blog/solving-phpstan-access-to-undefined-property  
  :33    Access to an undefined property PHPUnit\Framework\TestCase::$deleteHandler.            
         🪪  property.notFound                                                                  
         💡  Learn more: https://phpstan.org/blog/solving-phpstan-access-to-undefined-property  
  :42    Access to an undefined property PHPUnit\Framework\TestCase::$createHandler.            
         🪪  property.notFound                                                                  
         💡  Learn more: https://phpstan.org/blog/solving-phpstan-access-to-undefined-property  
  :47    Access to an undefined property PHPUnit\Framework\TestCase::$deleteHandler.            
         🪪  property.notFound                                                                  
         💡  Learn more: https://phpstan.org/blog/solving-phpstan-access-to-undefined-property  
  :51    Access to an undefined property PHPUnit\Framework\TestCase::$repository.               
         🪪  property.notFound                                                                  
         💡  Learn more: https://phpstan.org/blog/solving-phpstan-access-to-undefined-property  
  :56    Access to an undefined property PHPUnit\Framework\TestCase::$repository.               
         🪪  property.notFound                                                                  
         💡  Learn more: https://phpstan.org/blog/solving-phpstan-access-to-undefined-property  
  :60    Access to an undefined property PHPUnit\Framework\TestCase::$deleteHandler.            
         🪪  property.notFound                                                                  
         💡  Learn more: https://phpstan.org/blog/solving-phpstan-access-to-undefined-property  
 ------ --------------------------------------------------------------------------------------- 

 ------ --------------------------------------------------------------------------------------- 
  Line   tests/Unit/Application/Handlers/Item/UpdateItemHandlerTest.php                         
 ------ --------------------------------------------------------------------------------------- 
  :20    Access to an undefined property PHPUnit\Framework\TestCase::$repository.               
         🪪  property.notFound                                                                  
         💡  Learn more: https://phpstan.org/blog/solving-phpstan-access-to-undefined-property  
  :21    Access to an undefined property PHPUnit\Framework\TestCase::$uow.                      
         🪪  property.notFound                                                                  
         💡  Learn more: https://phpstan.org/blog/solving-phpstan-access-to-undefined-property  
  :22    Access to an undefined property PHPUnit\Framework\TestCase::$clock.                    
         🪪  property.notFound                                                                  
         💡  Learn more: https://phpstan.org/blog/solving-phpstan-access-to-undefined-property  
  :24    Access to an undefined property PHPUnit\Framework\TestCase::$eventPublisher.           
         🪪  property.notFound                                                                  
         💡  Learn more: https://phpstan.org/blog/solving-phpstan-access-to-undefined-property  
  :25    Access to an undefined property PHPUnit\Framework\TestCase::$mapper.                   
         🪪  property.notFound                                                                  
         💡  Learn more: https://phpstan.org/blog/solving-phpstan-access-to-undefined-property  
  :27    Access to an undefined property PHPUnit\Framework\TestCase::$createHandler.            
         🪪  property.notFound                                                                  
         💡  Learn more: https://phpstan.org/blog/solving-phpstan-access-to-undefined-property  
  :35    Access to an undefined property PHPUnit\Framework\TestCase::$updateHandler.            
         🪪  property.notFound                                                                  
         💡  Learn more: https://phpstan.org/blog/solving-phpstan-access-to-undefined-property  
  :46    Access to an undefined property PHPUnit\Framework\TestCase::$createHandler.            
         🪪  property.notFound                                                                  
         💡  Learn more: https://phpstan.org/blog/solving-phpstan-access-to-undefined-property  
  :52    Access to an undefined property PHPUnit\Framework\TestCase::$clock.                    
         🪪  property.notFound                                                                  
         💡  Learn more: https://phpstan.org/blog/solving-phpstan-access-to-undefined-property  
  :53    Access to an undefined property PHPUnit\Framework\TestCase::$updateHandler.            
         🪪  property.notFound                                                                  
         💡  Learn more: https://phpstan.org/blog/solving-phpstan-access-to-undefined-property  
  :71    Access to an undefined property PHPUnit\Framework\TestCase::$updateHandler.            
         🪪  property.notFound                                                                  
         💡  Learn more: https://phpstan.org/blog/solving-phpstan-access-to-undefined-property  
 ------ --------------------------------------------------------------------------------------- 

 ------ --------------------------------------------------------------------------------------------------------------- 
  Line   tests/Unit/Domain/Model/Example/CategoryTest.php                                                               
 ------ --------------------------------------------------------------------------------------------------------------- 
  :11    Access to an undefined property PHPUnit\Framework\TestCase::$clock.                                            
         🪪  property.notFound                                                                                          
         💡  Learn more: https://phpstan.org/blog/solving-phpstan-access-to-undefined-property                          
  :19    Access to an undefined property PHPUnit\Framework\TestCase::$clock.                                            
         🪪  property.notFound                                                                                          
         💡  Learn more: https://phpstan.org/blog/solving-phpstan-access-to-undefined-property                          
  :27    Access to an undefined property PHPUnit\Framework\TestCase::$clock.                                            
         🪪  property.notFound                                                                                          
         💡  Learn more: https://phpstan.org/blog/solving-phpstan-access-to-undefined-property                          
  :33    Access to an undefined property Domain\Events\DomainEvent::$name.                                              
         🪪  property.notFound                                                                                          
         💡  Learn more: https://phpstan.org/blog/solving-phpstan-access-to-undefined-property                          
  :33    Unable to resolve the template type TAndValue in call to method Pest\Expectation<Domain\Events\DomainEvent>::  
         and()                                                                                                          
         🪪  argument.templateType                                                                                      
         💡  See: https://phpstan.org/blog/solving-phpstan-error-unable-to-resolve-template-type                        
  :37    Access to an undefined property PHPUnit\Framework\TestCase::$clock.                                            
         🪪  property.notFound                                                                                          
         💡  Learn more: https://phpstan.org/blog/solving-phpstan-access-to-undefined-property                          
  :43    Access to an undefined property PHPUnit\Framework\TestCase::$clock.                                            
         🪪  property.notFound                                                                                          
         💡  Learn more: https://phpstan.org/blog/solving-phpstan-access-to-undefined-property                          
  :49    Access to an undefined property PHPUnit\Framework\TestCase::$clock.                                            
         🪪  property.notFound                                                                                          
         💡  Learn more: https://phpstan.org/blog/solving-phpstan-access-to-undefined-property                          
  :52    Access to an undefined property PHPUnit\Framework\TestCase::$clock.                                            
         🪪  property.notFound                                                                                          
         💡  Learn more: https://phpstan.org/blog/solving-phpstan-access-to-undefined-property                          
 ------ --------------------------------------------------------------------------------------------------------------- 

 ------ --------------------------------------------------------------------------------------------------------------- 
  Line   tests/Unit/Domain/Model/Example/ItemTest.php                                                                   
 ------ --------------------------------------------------------------------------------------------------------------- 
  :13    Access to an undefined property PHPUnit\Framework\TestCase::$clock.                                            
         🪪  property.notFound                                                                                          
         💡  Learn more: https://phpstan.org/blog/solving-phpstan-access-to-undefined-property                          
  :24    Access to an undefined property PHPUnit\Framework\TestCase::$clock.                                            
         🪪  property.notFound                                                                                          
         💡  Learn more: https://phpstan.org/blog/solving-phpstan-access-to-undefined-property                          
  :41    Access to an undefined property PHPUnit\Framework\TestCase::$clock.                                            
         🪪  property.notFound                                                                                          
         💡  Learn more: https://phpstan.org/blog/solving-phpstan-access-to-undefined-property                          
  :48    Access to an undefined property Domain\Events\DomainEvent::$name.                                              
         🪪  property.notFound                                                                                          
         💡  Learn more: https://phpstan.org/blog/solving-phpstan-access-to-undefined-property                          
  :48    Unable to resolve the template type TAndValue in call to method Pest\Expectation<Domain\Events\DomainEvent>::  
         and()                                                                                                          
         🪪  argument.templateType                                                                                      
         💡  See: https://phpstan.org/blog/solving-phpstan-error-unable-to-resolve-template-type                        
  :52    Access to an undefined property PHPUnit\Framework\TestCase::$clock.                                            
         🪪  property.notFound                                                                                          
         💡  Learn more: https://phpstan.org/blog/solving-phpstan-access-to-undefined-property                          
  :59    Access to an undefined property PHPUnit\Framework\TestCase::$clock.                                            
         🪪  property.notFound                                                                                          
         💡  Learn more: https://phpstan.org/blog/solving-phpstan-access-to-undefined-property                          
  :63    Access to an undefined property PHPUnit\Framework\TestCase::$clock.                                            
         🪪  property.notFound                                                                                          
         💡  Learn more: https://phpstan.org/blog/solving-phpstan-access-to-undefined-property                          
  :67    Access to an undefined property PHPUnit\Framework\TestCase::$clock.                                            
         🪪  property.notFound                                                                                          
         💡  Learn more: https://phpstan.org/blog/solving-phpstan-access-to-undefined-property                          
  :73    Access to an undefined property PHPUnit\Framework\TestCase::$clock.                                            
         🪪  property.notFound                                                                                          
         💡  Learn more: https://phpstan.org/blog/solving-phpstan-access-to-undefined-property                          
  :76    Access to an undefined property PHPUnit\Framework\TestCase::$clock.                                            
         🪪  property.notFound                                                                                          
         💡  Learn more: https://phpstan.org/blog/solving-phpstan-access-to-undefined-property                          
  :84    Access to an undefined property PHPUnit\Framework\TestCase::$clock.                                            
         🪪  property.notFound                                                                                          
         💡  Learn more: https://phpstan.org/blog/solving-phpstan-access-to-undefined-property                          
  :94    Access to an undefined property Domain\Events\DomainEvent::$name.                                              
         🪪  property.notFound                                                                                          
         💡  Learn more: https://phpstan.org/blog/solving-phpstan-access-to-undefined-property                          
  :94    Unable to resolve the template type TAndValue in call to method Pest\Expectation<Domain\Events\DomainEvent>::  
         and()                                                                                                          
         🪪  argument.templateType                                                                                      
         💡  See: https://phpstan.org/blog/solving-phpstan-error-unable-to-resolve-template-type                        
  :100   Access to an undefined property PHPUnit\Framework\TestCase::$clock.                                            
         🪪  property.notFound                                                                                          
         💡  Learn more: https://phpstan.org/blog/solving-phpstan-access-to-undefined-property                          
  :103   Access to an undefined property PHPUnit\Framework\TestCase::$clock.                                            
         🪪  property.notFound                                                                                          
         💡  Learn more: https://phpstan.org/blog/solving-phpstan-access-to-undefined-property                          
 ------ --------------------------------------------------------------------------------------------------------------- 

 -- ---------------------------------------------------------------------------------------------------------------- 
     Error                                                                                                           
 -- ---------------------------------------------------------------------------------------------------------------- 
     Ignored error pattern #Call to an undefined method Illuminate\\Database\\Eloquent\\Builder# was not matched in  
     reported errors.                                                                                                
 -- ---------------------------------------------------------------------------------------------------------------- 

 [ERROR] Found 109 errors                                                                                               

